Archive member included because of file (symbol)

/usr/lib64/libc_nonshared.a(elf-init.oS)
                              /usr/lib/gcc/x86_64-redhat-linux/4.4.7/../../../../lib64/crt1.o (__libc_csu_fini)

Allocating common symbols
Common symbol       size              file

end_t               0x8               hw2.o
backUp              0x4000000         hw2.o
diff_t              0x8               hw2.o
myfile              0x8               hw2.o
myArr               0x4000000         hw2.o
start_t             0x8               hw2.o

Discarded input sections

 .note.GNU-stack
                0x0000000000000000        0x0 /usr/lib/gcc/x86_64-redhat-linux/4.4.7/../../../../lib64/crt1.o
 .note.GNU-stack
                0x0000000000000000        0x0 /usr/lib/gcc/x86_64-redhat-linux/4.4.7/../../../../lib64/crti.o
 .note.GNU-stack
                0x0000000000000000        0x0 /usr/lib/gcc/x86_64-redhat-linux/4.4.7/crtbegin.o
 .note.GNU-stack
                0x0000000000000000        0x0 hw2.o
 .note.GNU-stack
                0x0000000000000000        0x0 quickSort.o
 .note.GNU-stack
                0x0000000000000000        0x0 bubbleSort.o
 .note.GNU-stack
                0x0000000000000000        0x0 insertionSort.o
 .note.GNU-stack
                0x0000000000000000        0x0 /usr/lib64/libc_nonshared.a(elf-init.oS)
 .note.GNU-stack
                0x0000000000000000        0x0 /usr/lib/gcc/x86_64-redhat-linux/4.4.7/crtend.o
 .note.GNU-stack
                0x0000000000000000        0x0 /usr/lib/gcc/x86_64-redhat-linux/4.4.7/../../../../lib64/crtn.o

Memory Configuration

Name             Origin             Length             Attributes
*default*        0x0000000000000000 0xffffffffffffffff

Linker script and memory map

LOAD /usr/lib/gcc/x86_64-redhat-linux/4.4.7/../../../../lib64/crt1.o
LOAD /usr/lib/gcc/x86_64-redhat-linux/4.4.7/../../../../lib64/crti.o
LOAD /usr/lib/gcc/x86_64-redhat-linux/4.4.7/crtbegin.o
LOAD hw2.o
LOAD quickSort.o
LOAD bubbleSort.o
LOAD insertionSort.o
LOAD /usr/lib/gcc/x86_64-redhat-linux/4.4.7/libgcc.a
LOAD /usr/lib/gcc/x86_64-redhat-linux/4.4.7/libgcc_s.so
LOAD /usr/lib/gcc/x86_64-redhat-linux/4.4.7/../../../../lib64/libc.so
START GROUP
LOAD /lib64/libc.so.6
LOAD /usr/lib64/libc_nonshared.a
LOAD /lib64/ld-linux-x86-64.so.2
END GROUP
LOAD /usr/lib/gcc/x86_64-redhat-linux/4.4.7/libgcc.a
LOAD /usr/lib/gcc/x86_64-redhat-linux/4.4.7/libgcc_s.so
LOAD /usr/lib/gcc/x86_64-redhat-linux/4.4.7/crtend.o
LOAD /usr/lib/gcc/x86_64-redhat-linux/4.4.7/../../../../lib64/crtn.o
                0x0000000000400000                PROVIDE (__executable_start, 0x400000)
                0x0000000000400200                . = (0x400000 + SIZEOF_HEADERS)

.interp         0x0000000000400200       0x1c
 *(.interp)
 .interp        0x0000000000400200       0x1c /usr/lib/gcc/x86_64-redhat-linux/4.4.7/../../../../lib64/crt1.o

.note.ABI-tag   0x000000000040021c       0x20
 .note.ABI-tag  0x000000000040021c       0x20 /usr/lib/gcc/x86_64-redhat-linux/4.4.7/../../../../lib64/crt1.o

.note.gnu.build-id
                0x000000000040023c       0x24
 *(.note.gnu.build-id)
 .note.gnu.build-id
                0x000000000040023c       0x24 /usr/lib/gcc/x86_64-redhat-linux/4.4.7/../../../../lib64/crt1.o

.hash
 *(.hash)

.gnu.hash       0x0000000000400260       0x28
 *(.gnu.hash)
 .gnu.hash      0x0000000000400260       0x28 /usr/lib/gcc/x86_64-redhat-linux/4.4.7/../../../../lib64/crt1.o

.dynsym         0x0000000000400288      0x120
 *(.dynsym)
 .dynsym        0x0000000000400288      0x120 /usr/lib/gcc/x86_64-redhat-linux/4.4.7/../../../../lib64/crt1.o

.dynstr         0x00000000004003a8       0x71
 *(.dynstr)
 .dynstr        0x00000000004003a8       0x71 /usr/lib/gcc/x86_64-redhat-linux/4.4.7/../../../../lib64/crt1.o

.gnu.version    0x000000000040041a       0x18
 *(.gnu.version)
 .gnu.version   0x000000000040041a       0x18 /usr/lib/gcc/x86_64-redhat-linux/4.4.7/../../../../lib64/crt1.o

.gnu.version_d  0x0000000000400438        0x0 load address 0x0000000000400432
 *(.gnu.version_d)
 .gnu.version_d
                0x0000000000000000        0x0 /usr/lib/gcc/x86_64-redhat-linux/4.4.7/../../../../lib64/crt1.o

.gnu.version_r  0x0000000000400438       0x20
 *(.gnu.version_r)
 .gnu.version_r
                0x0000000000400438       0x20 /usr/lib/gcc/x86_64-redhat-linux/4.4.7/../../../../lib64/crt1.o

.rela.dyn       0x0000000000400458       0x48
 *(.rela.init)
 *(.rela.text .rela.text.* .rela.gnu.linkonce.t.*)
 .rela.text     0x0000000000000000        0x0 /usr/lib/gcc/x86_64-redhat-linux/4.4.7/../../../../lib64/crt1.o
 *(.rela.fini)
 *(.rela.rodata .rela.rodata.* .rela.gnu.linkonce.r.*)
 *(.rela.data .rela.data.* .rela.gnu.linkonce.d.*)
 *(.rela.tdata .rela.tdata.* .rela.gnu.linkonce.td.*)
 *(.rela.tbss .rela.tbss.* .rela.gnu.linkonce.tb.*)
 *(.rela.ctors)
 *(.rela.dtors)
 *(.rela.got)
 .rela.got      0x0000000000400458       0x18 /usr/lib/gcc/x86_64-redhat-linux/4.4.7/../../../../lib64/crt1.o
 *(.rela.sharable_data .rela.sharable_data.* .rela.gnu.linkonce.shrd.*)
 *(.rela.sharable_bss .rela.sharable_bss.* .rela.gnu.linkonce.shrb.*)
 .rela.sharable_bss
                0x0000000000000000        0x0 /usr/lib/gcc/x86_64-redhat-linux/4.4.7/../../../../lib64/crt1.o
 *(.rela.bss .rela.bss.* .rela.gnu.linkonce.b.*)
 .rela.bss      0x0000000000400470       0x30 /usr/lib/gcc/x86_64-redhat-linux/4.4.7/../../../../lib64/crt1.o
 *(.rela.ldata .rela.ldata.* .rela.gnu.linkonce.l.*)
 *(.rela.lbss .rela.lbss.* .rela.gnu.linkonce.lb.*)
 *(.rela.lrodata .rela.lrodata.* .rela.gnu.linkonce.lr.*)
 *(.rela.ifunc)

.rela.plt       0x00000000004004a0       0xc0
 *(.rela.plt)
 .rela.plt      0x00000000004004a0       0xc0 /usr/lib/gcc/x86_64-redhat-linux/4.4.7/../../../../lib64/crt1.o
                0x0000000000400560                PROVIDE (__rela_iplt_start, .)
 *(.rela.iplt)
 .rela.iplt     0x0000000000000000        0x0 /usr/lib/gcc/x86_64-redhat-linux/4.4.7/../../../../lib64/crt1.o
                0x0000000000400560                PROVIDE (__rela_iplt_end, .)

.init           0x0000000000400560       0x18
 *(.init)
 .init          0x0000000000400560        0x9 /usr/lib/gcc/x86_64-redhat-linux/4.4.7/../../../../lib64/crti.o
                0x0000000000400560                _init
 .init          0x0000000000400569        0x5 /usr/lib/gcc/x86_64-redhat-linux/4.4.7/crtbegin.o
 .init          0x000000000040056e        0x5 /usr/lib/gcc/x86_64-redhat-linux/4.4.7/crtend.o
 .init          0x0000000000400573        0x5 /usr/lib/gcc/x86_64-redhat-linux/4.4.7/../../../../lib64/crtn.o

.plt            0x0000000000400578       0x90
 *(.plt)
 .plt           0x0000000000400578       0x90 /usr/lib/gcc/x86_64-redhat-linux/4.4.7/../../../../lib64/crt1.o
                0x0000000000400588                fopen@@GLIBC_2.2.5
                0x0000000000400598                __libc_start_main@@GLIBC_2.2.5
                0x00000000004005a8                fgetc@@GLIBC_2.2.5
                0x00000000004005b8                fclose@@GLIBC_2.2.5
                0x00000000004005c8                difftime@@GLIBC_2.2.5
                0x00000000004005d8                fwrite@@GLIBC_2.2.5
                0x00000000004005e8                fprintf@@GLIBC_2.2.5
                0x00000000004005f8                time@@GLIBC_2.2.5
 *(.iplt)
 .iplt          0x0000000000000000        0x0 /usr/lib/gcc/x86_64-redhat-linux/4.4.7/../../../../lib64/crt1.o

.text           0x0000000000400610      0x898
 *(.text.unlikely .text.*_unlikely)
 *(.text .stub .text.* .gnu.linkonce.t.*)
 .text          0x0000000000400610       0x2c /usr/lib/gcc/x86_64-redhat-linux/4.4.7/../../../../lib64/crt1.o
                0x0000000000400610                _start
 .text          0x000000000040063c       0x17 /usr/lib/gcc/x86_64-redhat-linux/4.4.7/../../../../lib64/crti.o
 *fill*         0x0000000000400653        0xd 90909090
 .text          0x0000000000400660       0x92 /usr/lib/gcc/x86_64-redhat-linux/4.4.7/crtbegin.o
 *fill*         0x00000000004006f2        0x2 90909090
 .text          0x00000000004006f4      0x2f1 hw2.o
                0x00000000004006f4                main
                0x0000000000400867                duplicateArr
                0x00000000004008d4                createArray
 *fill*         0x00000000004009e5        0x3 90909090
 .text          0x00000000004009e8      0x12d quickSort.o
                0x00000000004009e8                quickSort
                0x0000000000400a49                pivot
 *fill*         0x0000000000400b15        0x3 90909090
 .text          0x0000000000400b18      0x179 bubbleSort.o
                0x0000000000400b18                bubbleSort
                0x0000000000400bc8                swapA
                0x0000000000400c22                compareA
 *fill*         0x0000000000400c91        0x3 90909090
 .text          0x0000000000400c94      0x131 insertionSort.o
                0x0000000000400c94                insertionSort
                0x0000000000400d89                copyString
 *fill*         0x0000000000400dc5        0xb 90909090
 .text          0x0000000000400dd0       0x99 /usr/lib64/libc_nonshared.a(elf-init.oS)
                0x0000000000400dd0                __libc_csu_fini
                0x0000000000400de0                __libc_csu_init
 *fill*         0x0000000000400e69        0x7 90909090
 .text          0x0000000000400e70       0x36 /usr/lib/gcc/x86_64-redhat-linux/4.4.7/crtend.o
 *fill*         0x0000000000400ea6        0x2 90909090
 .text          0x0000000000400ea8        0x0 /usr/lib/gcc/x86_64-redhat-linux/4.4.7/../../../../lib64/crtn.o
 *(.gnu.warning)

.fini           0x0000000000400ea8        0xe
 *(.fini)
 .fini          0x0000000000400ea8        0x4 /usr/lib/gcc/x86_64-redhat-linux/4.4.7/../../../../lib64/crti.o
                0x0000000000400ea8                _fini
 .fini          0x0000000000400eac        0x5 /usr/lib/gcc/x86_64-redhat-linux/4.4.7/crtbegin.o
 .fini          0x0000000000400eb1        0x5 /usr/lib/gcc/x86_64-redhat-linux/4.4.7/../../../../lib64/crtn.o
                0x0000000000400eb6                PROVIDE (__etext, .)
                0x0000000000400eb6                PROVIDE (_etext, .)
                0x0000000000400eb6                PROVIDE (etext, .)

.rodata         0x0000000000400eb8       0xe1
 *(.rodata .rodata.* .gnu.linkonce.r.*)
 .rodata.cst4   0x0000000000400eb8        0x4 /usr/lib/gcc/x86_64-redhat-linux/4.4.7/../../../../lib64/crt1.o
                0x0000000000400eb8                _IO_stdin_used
 *fill*         0x0000000000400ebc        0x4 00
 .rodata        0x0000000000400ec0        0x8 /usr/lib/gcc/x86_64-redhat-linux/4.4.7/crtbegin.o
                0x0000000000400ec0                __dso_handle
 .rodata        0x0000000000400ec8       0xd1 hw2.o
                0x0000000000400ec8                charC
                0x0000000000400ecc                lineC

.rodata1
 *(.rodata1)

.eh_frame_hdr   0x0000000000400f9c       0x6c
 *(.eh_frame_hdr)
 .eh_frame_hdr  0x0000000000400f9c       0x6c hw2.o

.eh_frame       0x0000000000401008      0x1ac
 *(.eh_frame)
 .eh_frame      0x0000000000401008       0x88 hw2.o
                                         0x80 (size before relaxing)
 .eh_frame      0x0000000000401090       0x40 quickSort.o
                                         0x58 (size before relaxing)
 .eh_frame      0x00000000004010d0       0x60 bubbleSort.o
                                         0x78 (size before relaxing)
 .eh_frame      0x0000000000401130       0x40 insertionSort.o
                                         0x58 (size before relaxing)
 .eh_frame      0x0000000000401170       0x40 /usr/lib64/libc_nonshared.a(elf-init.oS)
                                         0x58 (size before relaxing)
 .eh_frame      0x00000000004011b0        0x4 /usr/lib/gcc/x86_64-redhat-linux/4.4.7/crtend.o

.gcc_except_table
 *(.gcc_except_table .gcc_except_table.*)
                0x00000000004011b4                . = (ALIGN (0x200000) - ((0x200000 - .) & 0x1fffff))
                0x00000000006011b4                . = (0x200000 DATA_SEGMENT_ALIGN 0x1000)

.eh_frame
 *(.eh_frame)

.gcc_except_table
 *(.gcc_except_table .gcc_except_table.*)

.tdata
 *(.tdata .tdata.* .gnu.linkonce.td.*)

.tbss
 *(.tbss .tbss.* .gnu.linkonce.tb.*)
 *(.tcommon)

.preinit_array  0x00000000006011b4        0x0
                0x00000000006011b4                PROVIDE (__preinit_array_start, .)
 *(.preinit_array)
                0x00000000006011b4                PROVIDE (__preinit_array_end, .)

.init_array     0x00000000006011b4        0x0
                0x00000000006011b4                PROVIDE (__init_array_start, .)
 *(SORT(.init_array.*))
 *(.init_array)
                0x00000000006011b4                PROVIDE (__init_array_end, .)

.fini_array     0x00000000006011b4        0x0
                0x00000000006011b4                PROVIDE (__fini_array_start, .)
 *(.fini_array)
 *(SORT(.fini_array.*))
                0x00000000006011b4                PROVIDE (__fini_array_end, .)

.ctors          0x00000000006011b8       0x10
 *crtbegin.o(.ctors)
 .ctors         0x00000000006011b8        0x8 /usr/lib/gcc/x86_64-redhat-linux/4.4.7/crtbegin.o
 *crtbegin?.o(.ctors)
 *(EXCLUDE_FILE(*crtend?.o *crtend.o) .ctors)
 *(SORT(.ctors.*))
 *(.ctors)
 .ctors         0x00000000006011c0        0x8 /usr/lib/gcc/x86_64-redhat-linux/4.4.7/crtend.o

.dtors          0x00000000006011c8       0x10
 *crtbegin.o(.dtors)
 .dtors         0x00000000006011c8        0x8 /usr/lib/gcc/x86_64-redhat-linux/4.4.7/crtbegin.o
 *crtbegin?.o(.dtors)
 *(EXCLUDE_FILE(*crtend?.o *crtend.o) .dtors)
 *(SORT(.dtors.*))
 *(.dtors)
 .dtors         0x00000000006011d0        0x8 /usr/lib/gcc/x86_64-redhat-linux/4.4.7/crtend.o
                0x00000000006011d0                __DTOR_END__

.jcr            0x00000000006011d8        0x8
 *(.jcr)
 .jcr           0x00000000006011d8        0x0 /usr/lib/gcc/x86_64-redhat-linux/4.4.7/crtbegin.o
 .jcr           0x00000000006011d8        0x8 /usr/lib/gcc/x86_64-redhat-linux/4.4.7/crtend.o

.data.rel.ro
 *(.data.rel.ro.local* .gnu.linkonce.d.rel.ro.local.*)
 *(.data.rel.ro* .gnu.linkonce.d.rel.ro.*)

.dynamic        0x00000000006011e0      0x190
 *(.dynamic)
 .dynamic       0x00000000006011e0      0x190 /usr/lib/gcc/x86_64-redhat-linux/4.4.7/../../../../lib64/crt1.o
                0x00000000006011e0                _DYNAMIC

.got            0x0000000000601370        0x8
 *(.got)
 .got           0x0000000000601370        0x8 /usr/lib/gcc/x86_64-redhat-linux/4.4.7/../../../../lib64/crt1.o
 *(.igot)
                0x0000000000601378                . = (. DATA_SEGMENT_RELRO_END 0x18)

.got.plt        0x0000000000601378       0x58
 *(.got.plt)
 .got.plt       0x0000000000601378       0x58 /usr/lib/gcc/x86_64-redhat-linux/4.4.7/../../../../lib64/crt1.o
                0x0000000000601378                _GLOBAL_OFFSET_TABLE_
 *(.igot.plt)
 .igot.plt      0x0000000000000000        0x0 /usr/lib/gcc/x86_64-redhat-linux/4.4.7/../../../../lib64/crt1.o

.data           0x00000000006013d0        0x4
 *(.data .data.* .gnu.linkonce.d.*)
 .data          0x00000000006013d0        0x4 /usr/lib/gcc/x86_64-redhat-linux/4.4.7/../../../../lib64/crt1.o
                0x00000000006013d0                data_start
                0x00000000006013d0                __data_start
 .data          0x00000000006013d4        0x0 /usr/lib/gcc/x86_64-redhat-linux/4.4.7/../../../../lib64/crti.o
 .data          0x00000000006013d4        0x0 /usr/lib/gcc/x86_64-redhat-linux/4.4.7/crtbegin.o
 .data          0x00000000006013d4        0x0 hw2.o
 .data          0x00000000006013d4        0x0 quickSort.o
 .data          0x00000000006013d4        0x0 bubbleSort.o
 .data          0x00000000006013d4        0x0 insertionSort.o
 .data          0x00000000006013d4        0x0 /usr/lib64/libc_nonshared.a(elf-init.oS)
 .data          0x00000000006013d4        0x0 /usr/lib/gcc/x86_64-redhat-linux/4.4.7/crtend.o
 .data          0x00000000006013d4        0x0 /usr/lib/gcc/x86_64-redhat-linux/4.4.7/../../../../lib64/crtn.o

.data1
 *(.data1)

.sharable_data  0x0000000000800000        0x0
                0x0000000000800000                PROVIDE (__sharable_data_start, .)
 *(.sharable_data .sharable_data.* .gnu.linkonce.shrd.*)
                0x0000000000800000                . = ALIGN ((. != 0x0)?0x200000:0x1)
                0x0000000000800000                PROVIDE (__sharable_data_end, .)
                0x0000000000800000                _edata = .
                0x0000000000800000                PROVIDE (edata, .)
                0x0000000000800000                __bss_start = .

.bss            0x00000000006013e0  0x8000088
 *(.dynbss)
 .dynbss        0x00000000006013e0       0x18 /usr/lib/gcc/x86_64-redhat-linux/4.4.7/../../../../lib64/crt1.o
                0x00000000006013e0                stderr@@GLIBC_2.2.5
                0x00000000006013f0                stdout@@GLIBC_2.2.5
 *(.bss .bss.* .gnu.linkonce.b.*)
 .bss           0x00000000006013f8        0x0 /usr/lib/gcc/x86_64-redhat-linux/4.4.7/../../../../lib64/crt1.o
 .bss           0x00000000006013f8        0x0 /usr/lib/gcc/x86_64-redhat-linux/4.4.7/../../../../lib64/crti.o
 .bss           0x00000000006013f8       0x10 /usr/lib/gcc/x86_64-redhat-linux/4.4.7/crtbegin.o
 .bss           0x0000000000601408        0x0 hw2.o
 .bss           0x0000000000601408        0x0 quickSort.o
 .bss           0x0000000000601408        0x0 bubbleSort.o
 .bss           0x0000000000601408        0x0 insertionSort.o
 .bss           0x0000000000601408        0x0 /usr/lib64/libc_nonshared.a(elf-init.oS)
 .bss           0x0000000000601408        0x0 /usr/lib/gcc/x86_64-redhat-linux/4.4.7/crtend.o
 .bss           0x0000000000601408        0x0 /usr/lib/gcc/x86_64-redhat-linux/4.4.7/../../../../lib64/crtn.o
 *(COMMON)
 *fill*         0x0000000000601408       0x18 00
 COMMON         0x0000000000601420  0x8000048 hw2.o
                0x0000000000601420                end_t
                0x0000000000601440                backUp
                0x0000000004601440                diff_t
                0x0000000004601448                myfile
                0x0000000004601460                myArr
                0x0000000008601460                start_t
                0x0000000008601468                . = ALIGN ((. != 0x0)?0x8:0x1)

.lbss
 *(.dynlbss)
 *(.lbss .lbss.* .gnu.linkonce.lb.*)
 *(LARGE_COMMON)

.sharable_bss   0x0000000008800000        0x0
                0x0000000008800000                PROVIDE (__sharable_bss_start, .)
 *(.dynsharablebss)
 .dynsharablebss
                0x0000000000000000        0x0 /usr/lib/gcc/x86_64-redhat-linux/4.4.7/../../../../lib64/crt1.o
 *(.sharable_bss .sharable_bss.* .gnu.linkonce.shrb.*)
 *(SHARABLE_COMMON)
                0x0000000008800000                . = ALIGN ((. != 0x0)?0x200000:0x1)
                0x0000000008800000                PROVIDE (__sharable_bss_end, .)
                0x0000000008800000                . = ALIGN (0x8)

.lrodata
 *(.lrodata .lrodata.* .gnu.linkonce.lr.*)

.ldata          0x0000000008a01468        0x0
 *(.ldata .ldata.* .gnu.linkonce.l.*)
                0x0000000008a01468                . = ALIGN ((. != 0x0)?0x8:0x1)
                0x0000000008a01468                . = ALIGN (0x8)
                0x0000000008a01468                _end = .
                0x0000000008a01468                PROVIDE (end, .)
                0x0000000008a01468                . = DATA_SEGMENT_END (.)

.stab
 *(.stab)

.stabstr
 *(.stabstr)

.stab.excl
 *(.stab.excl)

.stab.exclstr
 *(.stab.exclstr)

.stab.index
 *(.stab.index)

.stab.indexstr
 *(.stab.indexstr)

.comment        0x0000000000000000       0x5a
 *(.comment)
 .comment       0x0000000000000000       0x2d /usr/lib/gcc/x86_64-redhat-linux/4.4.7/../../../../lib64/crt1.o
                                         0x2e (size before relaxing)
 .comment       0x0000000000000000       0x2e /usr/lib/gcc/x86_64-redhat-linux/4.4.7/../../../../lib64/crti.o
 .comment       0x000000000000002d       0x2d /usr/lib/gcc/x86_64-redhat-linux/4.4.7/crtbegin.o
                                         0x2e (size before relaxing)
 .comment       0x0000000000000000       0x2e hw2.o
 .comment       0x0000000000000000       0x2e quickSort.o
 .comment       0x0000000000000000       0x2e bubbleSort.o
 .comment       0x0000000000000000       0x2e insertionSort.o
 .comment       0x0000000000000000       0x2e /usr/lib64/libc_nonshared.a(elf-init.oS)
 .comment       0x0000000000000000       0x2e /usr/lib/gcc/x86_64-redhat-linux/4.4.7/crtend.o
 .comment       0x0000000000000000       0x2e /usr/lib/gcc/x86_64-redhat-linux/4.4.7/../../../../lib64/crtn.o

.debug
 *(.debug)

.line
 *(.line)

.debug_srcinfo
 *(.debug_srcinfo)

.debug_sfnames
 *(.debug_sfnames)

.debug_aranges
 *(.debug_aranges)

.debug_pubnames
 *(.debug_pubnames)

.debug_info
 *(.debug_info .gnu.linkonce.wi.*)

.debug_abbrev
 *(.debug_abbrev)

.debug_line
 *(.debug_line)

.debug_frame
 *(.debug_frame)

.debug_str
 *(.debug_str)

.debug_loc
 *(.debug_loc)

.debug_macinfo
 *(.debug_macinfo)

.debug_weaknames
 *(.debug_weaknames)

.debug_funcnames
 *(.debug_funcnames)

.debug_typenames
 *(.debug_typenames)

.debug_varnames
 *(.debug_varnames)

.debug_pubtypes
 *(.debug_pubtypes)

.debug_ranges
 *(.debug_ranges)

.gnu.attributes
 *(.gnu.attributes)

/DISCARD/
 *(.note.GNU-stack)
 *(.gnu_debuglink)
 *(.gnu.lto_*)
OUTPUT(hw2 elf64-x86-64)
